\BOOKMARK [0][-]{Doc-Start}{\376\377\000L\036\335\000i\000\040\000c\036\243\000m\000\040\001\241\000n}{}% 1
\BOOKMARK [0][-]{chapter*.1}{\376\377\000N\000h\036\255\000n\000\040\000x\000\351\000t\000\040\000c\036\347\000a\000\040\000g\000i\000\341\000o\000\040\000v\000i\000\352\000n\000\040\000h\001\260\036\333\000n\000g\000\040\000d\036\253\000n}{}% 2
\BOOKMARK [0][-]{chapter*.1}{\376\377\000N\000h\036\255\000n\000\040\000x\000\351\000t\000\040\000c\036\347\000a\000\040\000g\000i\000\341\000o\000\040\000v\000i\000\352\000n\000\040\000p\000h\036\243\000n\000\040\000b\000i\036\307\000n}{}% 3
\BOOKMARK [0][-]{chapter*.1}{\376\377\001\020\036\301\000\040\000c\001\260\001\241\000n\000g\000\040\000c\000h\000i\000\040\000t\000i\036\277\000t}{}% 4
\BOOKMARK [0][-]{chapter*.1}{\376\377\000M\036\345\000c\000\040\000l\036\345\000c}{}% 5
\BOOKMARK [0][-]{chapter.1}{\376\377\000M\036\336\000\040\001\020\036\246\000U}{}% 6
\BOOKMARK [1][-]{section.1.1}{\376\377\000G\000i\036\333\000i\000\040\000t\000h\000i\036\307\000u\000\040\000c\000h\000u\000n\000g}{chapter.1}% 7
\BOOKMARK [1][-]{section.1.2}{\376\377\000M\036\345\000c\000\040\000t\000i\000\352\000u\000\040\001\021\036\301\000\040\000t\000\340\000i}{chapter.1}% 8
\BOOKMARK [1][-]{section.1.3}{\376\377\000N\036\331\000i\000\040\000d\000u\000n\000g\000\040\000c\036\347\000a\000\040\001\021\036\323\000\040\000\341\000n}{chapter.1}% 9
\BOOKMARK [0][-]{chapter.2}{\376\377\000C\000h\001\260\001\241\000n\000g\000\040\0002\000:\000\040\000K\000h\036\243\000o\000\040\000s\000\341\000t\000\040}{}% 10
\BOOKMARK [1][-]{section.2.1}{\376\377\000K\000h\036\243\000o\000\040\000s\000\341\000t}{chapter.2}% 11
\BOOKMARK [1][-]{section.2.2}{\376\377\000K\036\277\000t\000\040\000q\000u\036\243\000\040\000k\000h\036\243\000o\000\040\000s\000\341\000t}{chapter.2}% 12
\BOOKMARK [2][-]{subsection.2.2.1}{\376\377\000B\036\241\000n\000\040\000h\000i\036\307\000n\000\040\000l\000\340\000\040\000s\000i\000n\000h\000\040\000v\000i\000\352\000n\000\040\000h\000a\000y\000\040\001\021\000a\000n\000g\000\040\001\021\000i\000\040\000l\000\340\000m\000?}{section.2.2}% 13
\BOOKMARK [2][-]{subsection.2.2.2}{\376\377\000B\036\241\000n\000\040\000h\000o\036\241\000t\000\040\001\021\036\331\000n\000g\000\040\000t\000r\000o\000n\000g\000\040\000l\001\051\000n\000h\000\040\000v\036\361\000c\000\040\000n\000\340\000o\000?}{section.2.2}% 14
\BOOKMARK [2][-]{subsection.2.2.3}{\376\377\000B\036\241\000n\000\040\001\021\000\343\000\040\000t\036\353\000n\000g\000\040\000g\036\267\000p\000\040\000n\000h\036\357\000n\000g\000\040\000v\036\245\000n\000\040\001\021\036\301\000\040\000l\000i\000\352\000n\000\040\000q\000u\000a\000n\000\040\001\021\036\277\000n\000\040\000l\000u\036\255\000t\000\040\000p\000h\000\341\000p\000?}{section.2.2}% 15
\BOOKMARK [2][-]{subsection.2.2.4}{\376\377\000B\036\241\000n\000\040\000s\036\355\000\040\000d\036\345\000n\000g\000\040\000p\000h\001\260\001\241\000n\000g\000\040\000t\000h\036\351\000c\000\040\000n\000\340\000o\000\040\001\021\036\303\000\040\000t\000r\000a\000\040\000c\036\351\000u\000\040\000p\000h\000\341\000p\000\040\000l\000u\036\255\000t\000?}{section.2.2}% 16
\BOOKMARK [2][-]{subsection.2.2.5}{\376\377\000B\036\241\000n\000\040\000t\000h\001\260\036\335\000n\000g\000\040\000t\000r\000a\000\040\000c\036\351\000u\000\040\000t\000r\000\352\000n\000\040\000t\000r\000a\000n\000g\000\040\000w\000e\000b\000\040\000p\000h\000\341\000p\000\040\000l\000u\036\255\000t\000\040\000n\000\340\000o\000?}{section.2.2}% 17
\BOOKMARK [2][-]{subsection.2.2.6}{\376\377\000M\036\351\000c\000\040\001\021\036\331\000\040\000h\000\340\000i\000\040\000l\000\362\000n\000g\000\040\000k\000h\000i\000\040\000s\036\355\000\040\000d\036\345\000n\000g\000\040\000c\000\341\000c\000\040\000t\000r\000a\000n\000g\000\040\000w\000e\000b\000\040\000t\000r\000\352\000n\000?}{section.2.2}% 18
\BOOKMARK [2][-]{subsection.2.2.7}{\376\377\000N\000h\036\255\000n\000\040\000x\000\351\000t\000\040\000c\036\347\000a\000\040\000b\036\241\000n\000\040\000k\000h\000i\000\040\000s\036\355\000\040\000d\036\345\000n\000g\000\040\000c\000\341\000c\000\040\000t\000r\000a\000n\000g\000\040\000w\000e\000b\000\040\000t\000r\000\352\000n}{section.2.2}% 19
\BOOKMARK [1][-]{section.2.3}{\376\377\000B\000\340\000i\000\040\000T\000o\000\341\000n\000\040\000L\000i\000\352\000n\000\040\000Q\000u\000a\000n}{chapter.2}% 20
\BOOKMARK [0][-]{chapter.3}{\376\377\000C\000\364\000n\000g\000\040\000N\000g\000h\036\307\000\040\000S\036\355\000\040\000D\036\345\000n\000g}{}% 21
\BOOKMARK [1][-]{section.3.1}{\376\377\000T\000h\001\260\000\040\000v\000i\036\307\000n\000\040\000R\000e\000q\000u\000e\000s\000t\000s}{chapter.3}% 22
\BOOKMARK [2][-]{subsection.3.1.1}{\376\377\001\020\036\313\000n\000h\000\040\000n\000g\000h\001\051\000a\000\040}{section.3.1}% 23
\BOOKMARK [1][-]{section.3.2}{\376\377\000T\000h\001\260\000\040\000v\000i\036\307\000n\000\040\000B\000e\000a\000u\000t\000i\000f\000u\000l\000S\000o\000u\000p}{chapter.3}% 24
\BOOKMARK [1][-]{section.3.3}{\376\377\000P\000h\000\342\000n\000\040\000t\000\341\000c\000h\000\040\000t\036\353\000\040\000b\036\261\000n\000g\000\040\000P\000y\000t\000h\000o\000n\000\040\000V\000i\000e\000t\000n\000a\000m\000e\000s\000e\000\040\000T\000o\000o\000l\000k\000i\000t}{chapter.3}% 25
\BOOKMARK [2][-]{subsection.3.3.1}{\376\377\001\020\036\313\000n\000h\000\040\000n\000g\000h\001\051\000a\000\040\000P\000y\000V\000i}{section.3.3}% 26
\BOOKMARK [2][-]{subsection.3.3.2}{\376\377\000T\000\355\000n\000h\000\040\000n\001\003\000n\000g\000\040\000c\000h\000\355\000n\000h\000\040\000c\036\347\000a\000\040\000P\000y\000V\000i}{section.3.3}% 27
\BOOKMARK [1][-]{section.3.4}{\376\377\000M\000\364\000\040\000h\000\354\000n\000h\000\040\000T\000r\000a\000n\000s\000f\000o\000r\000m\000e\000r}{chapter.3}% 28
\BOOKMARK [2][-]{subsection.3.4.1}{\376\377\001\020\036\313\000n\000h\000\040\000n\000g\000h\001\051\000a\000\040\000m\000\364\000\040\000h\000\354\000n\000h\000\040\000T\000r\000a\000n\000s\000f\000o\000r\000m\000e\000r}{section.3.4}% 29
\BOOKMARK [2][-]{subsection.3.4.2}{\376\377\001\257\000u\000\040\001\021\000i\036\303\000m\000\040\000c\036\347\000a\000\040\000T\000r\000a\000n\000s\000f\000o\000r\000m\000e\000r\000s}{section.3.4}% 30
\BOOKMARK [1][-]{section.3.5}{\376\377\000M\000\364\000\040\000h\000\354\000n\000h\000\040\000B\000E\000R\000T}{chapter.3}% 31
\BOOKMARK [2][-]{subsection.3.5.1}{\376\377\001\020\036\313\000n\000h\000\040\000n\000g\000h\001\051\000a\000\040\000m\000\364\000\040\000h\000\354\000n\000h\000\040\000B\000E\000R\000T}{section.3.5}% 32
\BOOKMARK [1][-]{section.3.6}{\376\377\000S\000e\000n\000t\000e\000n\000c\000e\000-\000t\000r\000a\000n\000s\000f\000o\000r\000m\000e\000r}{chapter.3}% 33
\BOOKMARK [1][-]{section.3.7}{\376\377\000M\000\364\000\040\000h\000\354\000n\000h\000\040\000P\000h\000o\000B\000E\000R\000T}{chapter.3}% 34
\BOOKMARK [1][-]{section.3.8}{\376\377\000P\000r\000e\000-\000t\000r\000a\000i\000n\000e\000d\000\040\000m\000o\000d\000e\000l\000\040\000S\000i\000m\000C\000S\000E}{chapter.3}% 35
\BOOKMARK [1][-]{section.3.9}{\376\377\000E\000l\000a\000s\000t\000i\000c\000s\000e\000a\000r\000c\000h}{chapter.3}% 36
\BOOKMARK [2][-]{subsection.3.9.1}{\376\377\001\257\000u\000\040\001\021\000i\036\303\000m\000\040\000c\036\347\000a\000\040\000E\000l\000a\000s\000t\000i\000c\000s\000e\000a\000r\000c\000h}{section.3.9}% 37
\BOOKMARK [2][-]{subsection.3.9.2}{\376\377\000N\000h\001\260\036\343\000c\000\040\001\021\000i\036\303\000m\000\040\000c\036\347\000a\000\040\000E\000l\000a\000s\000t\000i\000c\000s\000e\000a\000r\000c\000h}{section.3.9}% 38
\BOOKMARK [1][-]{section.3.10}{\376\377\000W\000e\000b\000\040\000F\000r\000a\000m\000e\000w\000o\000r\000k\000:\000\040\000F\000l\000a\000s\000k\000\040\000F\000r\000a\000m\000e\000w\000o\000r\000k}{chapter.3}% 39
\BOOKMARK [1][-]{section.3.11}{\376\377\000H\001\260\036\333\000n\000g\000\040\000d\036\253\000n\000\040\000c\000\340\000i\000\040\001\021\036\267\000t\000\040\000c\000\341\000c\000\040\000p\000h\036\247\000n\000\040\000m\036\301\000m\000\040\000c\036\247\000n\000\040\000t\000h\000i\036\277\000t}{chapter.3}% 40
\BOOKMARK [0][-]{chapter.4}{\376\377\000K\000i\036\277\000n\000\040\000t\000r\000\372\000c\000\040\000h\036\307\000\040\000t\000h\036\321\000n\000g}{}% 41
\BOOKMARK [1][-]{section.4.1}{\376\377\000M\000\364\000\040\000T\036\243\000\040\000H\036\307\000\040\000T\000h\036\321\000n\000g}{chapter.4}% 42
\BOOKMARK [2][-]{subsection.4.1.1}{\376\377\000U\000s\000e\000c\000a\000s\000e}{section.4.1}% 43
\BOOKMARK [2][-]{subsection.4.1.2}{\376\377\000M\000\364\000\040\000h\000\354\000n\000h\000\040\000u\000s\000e\000c\000a\000s\000e}{section.4.1}% 44
\BOOKMARK [2][-]{subsection.4.1.3}{\376\377\000M\000\364\000\040\000t\036\243\000\040\000u\000s\000e\000c\000a\000s\000e}{section.4.1}% 45
\BOOKMARK [2][-]{subsection.4.1.4}{\376\377\001\020\036\267\000c\000\040\000t\036\243\000\040\000U\000s\000e\000\040\000c\000a\000s\000e}{section.4.1}% 46
\BOOKMARK [1][-]{section.4.2}{\376\377\000Q\000u\000y\000\040\000t\000r\000\354\000n\000h\000\040\000t\000h\036\361\000c\000\040\000h\000i\036\307\000n\000\040\000S\000c\000r\000a\000p\000i\000n\000g\000\040\000D\000a\000t\000a}{chapter.4}% 47
\BOOKMARK [2][-]{subsection.4.2.1}{\376\377\000C\000h\000i\000\040\000t\000i\036\277\000t\000\040\000v\036\301\000\040\000d\036\357\000\040\000l\000i\036\307\000u}{section.4.2}% 48
\BOOKMARK [1][-]{section.4.3}{\376\377\000K\000i\036\277\000n\000\040\000t\000r\000\372\000c\000\040\000p\000h\036\247\000n\000\040\000B\000a\000c\000k\000-\000e\000n\000d}{chapter.4}% 49
\BOOKMARK [2][-]{subsection.4.3.1}{\376\377\000X\036\355\000\040\000l\000\375\000\040\000d\036\357\000\040\000l\000i\036\307\000u\000\040\000t\000h\000u\000\040\000t\000h\036\255\000p}{section.4.3}% 50
\BOOKMARK [2][-]{subsection.4.3.2}{\376\377\000X\036\355\000\040\000l\000\375\000\040\000c\000\342\000u\000\040\000h\036\317\000i\000\040\000t\036\353\000\040\000n\000g\001\260\036\335\000i\000\040\000d\000\371\000n\000g}{section.4.3}% 51
\BOOKMARK [2][-]{subsection.4.3.3}{\376\377\000H\000u\036\245\000n\000\040\000l\000u\000y\036\307\000n\000\040\000m\000\364\000\040\000h\000\354\000n\000h\000\040\000t\000r\000\352\000n\000\040\000d\036\357\000\040\000l\000i\036\307\000u\000\040\000p\000h\000\341\000p\000\040\000l\000u\036\255\000t}{section.4.3}% 52
\BOOKMARK [1][-]{section.4.4}{\376\377\000K\000i\036\277\000n\000\040\000t\000r\000\372\000c\000\040\000p\000h\036\247\000n\000\040\000F\000r\000o\000n\000t\000-\000e\000n\000d}{chapter.4}% 53
\BOOKMARK [2][-]{subsection.4.4.1}{\376\377\000T\036\241\000o\000\040\000W\000e\000b\000\040\000s\000e\000r\000v\000e\000r\000\040\000b\036\261\000n\000g\000\040\000F\000l\000a\000s\000k}{section.4.4}% 54
\BOOKMARK [0][-]{chapter.5}{\376\377\000K\036\277\000t\000\040\000q\000u\036\243}{}% 55
\BOOKMARK [1][-]{section.5.1}{\376\377\000K\036\277\000t\000\040\000q\000u\036\243\000\040\000c\036\347\000a\000\040\000q\000u\000y\000\040\000t\000r\000\354\000n\000h\000\040\000t\000h\000u\000\040\000t\000h\036\255\000p\000\040\000d\036\357\000\040\000l\000i\036\307\000u}{chapter.5}% 56
\BOOKMARK [1][-]{section.5.2}{\376\377\000K\036\277\000t\000\040\000q\000u\036\243\000\040\000s\000a\000u\000\040\000k\000h\000i\000\040\000m\000\343\000\040\000h\000o\000\341\000\040\000d\036\357\000\040\000l\000i\036\307\000u\000\040\000c\000\342\000u\000\040\000h\036\317\000i\000\040\000s\000a\000u\000\040\000k\000h\000i\000\040\000t\000h\000u\000\040\000t\000h\036\255\000p\000\040\000v\000\340\000\040\000l\001\260\000u\000\040\000v\000\340\000o\000\040\000E\000l\000a\000s\000t\000i\000c\000s\000e\000a\000r\000c\000h}{chapter.5}% 57
\BOOKMARK [1][-]{section.5.3}{\376\377\000K\036\277\000t\000\040\000q\000u\036\243\000\040\000c\036\347\000a\000\040\000q\000u\000y\000\040\000t\000r\000\354\000n\000h\000\040\000n\000h\036\255\000n\000\040\000d\036\357\000\040\000l\000i\036\307\000u\000\040\000t\036\353\000\040\000B\000a\000c\000k\000-\000e\000n\000d\000\040\000v\000\340\000\040\000h\000i\036\303\000n\000\040\000t\000h\036\313\000\040\000l\000\352\000n\000\040\000F\000r\000o\000n\000t\000-\000e\000n\000d}{chapter.5}% 58
\BOOKMARK [1][-]{section.5.4}{\376\377\000T\000\355\000n\000h\000\040\001\021\000\372\000n\000g\000\040\001\021\036\257\000n\000\040\000c\036\347\000a\000\040\000m\000\364\000\040\000h\000\354\000n\000h\000\040\000s\000a\000u\000\040\000k\000h\000i\000\040\001\021\000\341\000n\000h\000\040\000g\000i\000\341\000\040\000t\000h\036\347\000\040\000c\000\364\000n\000g}{chapter.5}% 59
\BOOKMARK [0][-]{chapter.6}{\376\377\000K\036\277\000t\000\040\000l\000u\036\255\000n}{}% 60
\BOOKMARK [1][-]{section.6.1}{\376\377\000K\036\277\000t\000\040\000q\000u\036\243\000\040\001\021\036\241\000t\000\040\001\021\001\260\036\343\000c}{chapter.6}% 61
\BOOKMARK [2][-]{subsection.6.1.1}{\376\377\000V\036\301\000\040\000m\036\267\000t\000\040\000k\000i\036\277\000n\000\040\000t\000h\036\351\000c}{section.6.1}% 62
\BOOKMARK [2][-]{subsection.6.1.2}{\376\377\000V\036\301\000\040\000m\036\267\000t\000\040\036\351\000n\000g\000\040\000d\036\345\000n\000g}{section.6.1}% 63
\BOOKMARK [1][-]{section.6.2}{\376\377\001\020\036\313\000n\000h\000\040\000h\001\260\036\333\000n\000g\000\040\000p\000h\000\341\000t\000\040\000t\000r\000i\036\303\000n}{chapter.6}% 64
\BOOKMARK [0][-]{section.6.2}{\376\377\000T\000\340\000i\000\040\000l\000i\036\307\000u\000\040\000t\000h\000a\000m\000\040\000k\000h\036\243\000o}{}% 65
